Archive member included to satisfy reference by file (symbol)

C:/ST/STM32CubeIDE_1.15.1/STM32CubeIDE/plugins/com.st.stm32cube.ide.mcu.externaltools.gnu-tools-for-stm32.12.3.rel1.win32_1.0.100.202403111256/tools/bin/../lib/gcc/arm-none-eabi/12.3.1/../../../../arm-none-eabi/lib/thumb/v7e-m/nofp\libc_nano.a(libc_a-exit.o)
                              C:/ST/STM32CubeIDE_1.15.1/STM32CubeIDE/plugins/com.st.stm32cube.ide.mcu.externaltools.gnu-tools-for-stm32.12.3.rel1.win32_1.0.100.202403111256/tools/bin/../lib/gcc/arm-none-eabi/12.3.1/../../../../arm-none-eabi/lib/thumb/v7e-m/nofp/crt0.o (exit)
C:/ST/STM32CubeIDE_1.15.1/STM32CubeIDE/plugins/com.st.stm32cube.ide.mcu.externaltools.gnu-tools-for-stm32.12.3.rel1.win32_1.0.100.202403111256/tools/bin/../lib/gcc/arm-none-eabi/12.3.1/../../../../arm-none-eabi/lib/thumb/v7e-m/nofp\libc_nano.a(libc_a-findfp.o)
                              C:/ST/STM32CubeIDE_1.15.1/STM32CubeIDE/plugins/com.st.stm32cube.ide.mcu.externaltools.gnu-tools-for-stm32.12.3.rel1.win32_1.0.100.202403111256/tools/bin/../lib/gcc/arm-none-eabi/12.3.1/../../../../arm-none-eabi/lib/thumb/v7e-m/nofp\libc_nano.a(libc_a-exit.o) (__stdio_exit_handler)
C:/ST/STM32CubeIDE_1.15.1/STM32CubeIDE/plugins/com.st.stm32cube.ide.mcu.externaltools.gnu-tools-for-stm32.12.3.rel1.win32_1.0.100.202403111256/tools/bin/../lib/gcc/arm-none-eabi/12.3.1/../../../../arm-none-eabi/lib/thumb/v7e-m/nofp\libc_nano.a(libc_a-fwalk.o)
                              C:/ST/STM32CubeIDE_1.15.1/STM32CubeIDE/plugins/com.st.stm32cube.ide.mcu.externaltools.gnu-tools-for-stm32.12.3.rel1.win32_1.0.100.202403111256/tools/bin/../lib/gcc/arm-none-eabi/12.3.1/../../../../arm-none-eabi/lib/thumb/v7e-m/nofp\libc_nano.a(libc_a-findfp.o) (_fwalk_sglue)
C:/ST/STM32CubeIDE_1.15.1/STM32CubeIDE/plugins/com.st.stm32cube.ide.mcu.externaltools.gnu-tools-for-stm32.12.3.rel1.win32_1.0.100.202403111256/tools/bin/../lib/gcc/arm-none-eabi/12.3.1/../../../../arm-none-eabi/lib/thumb/v7e-m/nofp\libc_nano.a(libc_a-stdio.o)
                              C:/ST/STM32CubeIDE_1.15.1/STM32CubeIDE/plugins/com.st.stm32cube.ide.mcu.externaltools.gnu-tools-for-stm32.12.3.rel1.win32_1.0.100.202403111256/tools/bin/../lib/gcc/arm-none-eabi/12.3.1/../../../../arm-none-eabi/lib/thumb/v7e-m/nofp\libc_nano.a(libc_a-findfp.o) (__sread)
C:/ST/STM32CubeIDE_1.15.1/STM32CubeIDE/plugins/com.st.stm32cube.ide.mcu.externaltools.gnu-tools-for-stm32.12.3.rel1.win32_1.0.100.202403111256/tools/bin/../lib/gcc/arm-none-eabi/12.3.1/../../../../arm-none-eabi/lib/thumb/v7e-m/nofp\libc_nano.a(libc_a-memset.o)
                              C:/ST/STM32CubeIDE_1.15.1/STM32CubeIDE/plugins/com.st.stm32cube.ide.mcu.externaltools.gnu-tools-for-stm32.12.3.rel1.win32_1.0.100.202403111256/tools/bin/../lib/gcc/arm-none-eabi/12.3.1/../../../../arm-none-eabi/lib/thumb/v7e-m/nofp/crt0.o (memset)
C:/ST/STM32CubeIDE_1.15.1/STM32CubeIDE/plugins/com.st.stm32cube.ide.mcu.externaltools.gnu-tools-for-stm32.12.3.rel1.win32_1.0.100.202403111256/tools/bin/../lib/gcc/arm-none-eabi/12.3.1/../../../../arm-none-eabi/lib/thumb/v7e-m/nofp\libc_nano.a(libc_a-closer.o)
                              C:/ST/STM32CubeIDE_1.15.1/STM32CubeIDE/plugins/com.st.stm32cube.ide.mcu.externaltools.gnu-tools-for-stm32.12.3.rel1.win32_1.0.100.202403111256/tools/bin/../lib/gcc/arm-none-eabi/12.3.1/../../../../arm-none-eabi/lib/thumb/v7e-m/nofp\libc_nano.a(libc_a-stdio.o) (_close_r)
C:/ST/STM32CubeIDE_1.15.1/STM32CubeIDE/plugins/com.st.stm32cube.ide.mcu.externaltools.gnu-tools-for-stm32.12.3.rel1.win32_1.0.100.202403111256/tools/bin/../lib/gcc/arm-none-eabi/12.3.1/../../../../arm-none-eabi/lib/thumb/v7e-m/nofp\libc_nano.a(libc_a-reent.o)
                              C:/ST/STM32CubeIDE_1.15.1/STM32CubeIDE/plugins/com.st.stm32cube.ide.mcu.externaltools.gnu-tools-for-stm32.12.3.rel1.win32_1.0.100.202403111256/tools/bin/../lib/gcc/arm-none-eabi/12.3.1/../../../../arm-none-eabi/lib/thumb/v7e-m/nofp\libc_nano.a(libc_a-closer.o) (errno)
C:/ST/STM32CubeIDE_1.15.1/STM32CubeIDE/plugins/com.st.stm32cube.ide.mcu.externaltools.gnu-tools-for-stm32.12.3.rel1.win32_1.0.100.202403111256/tools/bin/../lib/gcc/arm-none-eabi/12.3.1/../../../../arm-none-eabi/lib/thumb/v7e-m/nofp\libc_nano.a(libc_a-impure.o)
                              C:/ST/STM32CubeIDE_1.15.1/STM32CubeIDE/plugins/com.st.stm32cube.ide.mcu.externaltools.gnu-tools-for-stm32.12.3.rel1.win32_1.0.100.202403111256/tools/bin/../lib/gcc/arm-none-eabi/12.3.1/../../../../arm-none-eabi/lib/thumb/v7e-m/nofp\libc_nano.a(libc_a-reent.o) (_impure_ptr)
C:/ST/STM32CubeIDE_1.15.1/STM32CubeIDE/plugins/com.st.stm32cube.ide.mcu.externaltools.gnu-tools-for-stm32.12.3.rel1.win32_1.0.100.202403111256/tools/bin/../lib/gcc/arm-none-eabi/12.3.1/../../../../arm-none-eabi/lib/thumb/v7e-m/nofp\libc_nano.a(libc_a-lseekr.o)
[...]
Memory Configuration

Name             Origin             Length             Attributes
RAM              0x20000000         0x00010000         xrw
FLASH            0x08000000         0x00040000         xr
*default*        0x00000000         0xffffffff

Linker script and memory map

LOAD C:/ST/STM32CubeIDE_1.15.1/STM32CubeIDE/plugins/com.st.stm32cube.ide.mcu.externaltools.gnu-tools-for-stm32.12.3.rel1.win32_1.0.100.202403111256/tools/bin/../lib/gcc/arm-none-eabi/12.3.1/thumb/v7e-m/nofp/crti.o
LOAD C:/ST/STM32CubeIDE_1.15.1/STM32CubeIDE/plugins/com.st.stm32cube.ide.mcu.externaltools.gnu-tools-for-stm32.12.3.rel1.win32_1.0.100.202403111256/tools/bin/../lib/gcc/arm-none-eabi/12.3.1/thumb/v7e-m/nofp/crtbegin.o
LOAD C:/ST/STM32CubeIDE_1.15.1/STM32CubeIDE/plugins/com.st.stm32cube.ide.mcu.externaltools.gnu-tools-for-stm32.12.3.rel1.win32_1.0.100.202403111256/tools/bin/../lib/gcc/arm-none-eabi/12.3.1/../../../../arm-none-eabi/lib/thumb/v7e-m/nofp/crt0.o
LOAD ./Drivers/Src/stm32f401xx_gpio_driver.o
LOAD ./Drivers/Src/stm32f401xx_spi_driver.o
LOAD ./Src/main.o
LOAD ./Src/syscalls.o
LOAD ./Src/sysmem.o
LOAD ./Startup/startup_stm32f401ccux.o
START GROUP
LOAD C:/ST/STM32CubeIDE_1.15.1/STM32CubeIDE/plugins/com.st.stm32cube.ide.mcu.externaltools.gnu-tools-for-stm32.12.3.rel1.win32_1.0.100.202403111256/tools/bin/../lib/gcc/arm-none-eabi/12.3.1/../../../../arm-none-eabi/lib/thumb/v7e-m/nofp\libc_nano.a
LOAD C:/ST/STM32CubeIDE_1.15.1/STM32CubeIDE/plugins/com.st.stm32cube.ide.mcu.externaltools.gnu-tools-for-stm32.12.3.rel1.win32_1.0.100.202403111256/tools/bin/../lib/gcc/arm-none-eabi/12.3.1/../../../../arm-none-eabi/lib/thumb/v7e-m/nofp\libm.a
END GROUP
START GROUP
LOAD C:/ST/STM32CubeIDE_1.15.1/STM32CubeIDE/plugins/com.st.stm32cube.ide.mcu.externaltools.gnu-tools-for-stm32.12.3.rel1.win32_1.0.100.202403111256/tools/bin/../lib/gcc/arm-none-eabi/12.3.1/thumb/v7e-m/nofp\libgcc.a
LOAD C:/ST/STM32CubeIDE_1.15.1/STM32CubeIDE/plugins/com.st.stm32cube.ide.mcu.externaltools.gnu-tools-for-stm32.12.3.rel1.win32_1.0.100.202403111256/tools/bin/../lib/gcc/arm-none-eabi/12.3.1/../../../../arm-none-eabi/lib/thumb/v7e-m/nofp\libc_nano.a
END GROUP
START GROUP
LOAD C:/ST/STM32CubeIDE_1.15.1/STM32CubeIDE/plugins/com.st.stm32cube.ide.mcu.externaltools.gnu-tools-for-stm32.12.3.rel1.win32_1.0.100.202403111256/tools/bin/../lib/gcc/arm-none-eabi/12.3.1/thumb/v7e-m/nofp\libgcc.a
LOAD C:/ST/STM32CubeIDE_1.15.1/STM32CubeIDE/plugins/com.st.stm32cube.ide.mcu.externaltools.gnu-tools-for-stm32.12.3.rel1.win32_1.0.100.202403111256/tools/bin/../lib/gcc/arm-none-eabi/12.3.1/../../../../arm-none-eabi/lib/thumb/v7e-m/nofp\libc_nano.a
LOAD C:/ST/STM32CubeIDE_1.15.1/STM32CubeIDE/plugins/com.st.stm32cube.ide.mcu.externaltools.gnu-tools-for-stm32.12.3.rel1.win32_1.0.100.202403111256/tools/bin/../lib/gcc/arm-none-eabi/12.3.1/../../../../arm-none-eabi/lib/thumb/v7e-m/nofp\libnosys.a
END GROUP
START GROUP
LOAD C:/ST/STM32CubeIDE_1.15.1/STM32CubeIDE/plugins/com.st.stm32cube.ide.mcu.externaltools.gnu-tools-for-stm32.12.3.rel1.win32_1.0.100.202403111256/tools/bin/../lib/gcc/arm-none-eabi/12.3.1/thumb/v7e-m/nofp\libgcc.a
LOAD C:/ST/STM32CubeIDE_1.15.1/STM32CubeIDE/plugins/com.st.stm32cube.ide.mcu.externaltools.gnu-tools-for-stm32.12.3.rel1.win32_1.0.100.202403111256/tools/bin/../lib/gcc/arm-none-eabi/12.3.1/../../../../arm-none-eabi/lib/thumb/v7e-m/nofp\libc_nano.a
LOAD C:/ST/STM32CubeIDE_1.15.1/STM32CubeIDE/plugins/com.st.stm32cube.ide.mcu.externaltools.gnu-tools-for-stm32.12.3.rel1.win32_1.0.100.202403111256/tools/bin/../lib/gcc/arm-none-eabi/12.3.1/../../../../arm-none-eabi/lib/thumb/v7e-m/nofp\libnosys.a
END GROUP
LOAD C:/ST/STM32CubeIDE_1.15.1/STM32CubeIDE/plugins/com.st.stm32cube.ide.mcu.externaltools.gnu-tools-for-stm32.12.3.rel1.win32_1.0.100.202403111256/tools/bin/../lib/gcc/arm-none-eabi/12.3.1/thumb/v7e-m/nofp/crtend.o
LOAD C:/ST/STM32CubeIDE_1.15.1/STM32CubeIDE/plugins/com.st.stm32cube.ide.mcu.externaltools.gnu-tools-for-stm32.12.3.rel1.win32_1.0.100.202403111256/tools/bin/../lib/gcc/arm-none-eabi/12.3.1/thumb/v7e-m/nofp/crtn.o
                0x20010000                        _estack = (ORIGIN (RAM) + LENGTH (RAM))
                0x00000200                        _Min_Heap_Size = 0x200
                0x00000400                        _Min_Stack_Size = 0x400

.isr_vector     0x08000000      0x194
                0x08000000                        . = ALIGN (0x4)
 *(.isr_vector)
 .isr_vector    0x08000000      0x194 ./Startup/startup_stm32f401ccux.o
                0x08000000                g_pfnVectors
                0x08000194                        . = ALIGN (0x4)

.text           0x08000194      0xad8
                0x08000194                        . = ALIGN (0x4)
 *(.text)
 .text          0x08000194       0x40 C:/ST/STM32CubeIDE_1.15.1/STM32CubeIDE/plugins/com.st.stm32cube.ide.mcu.externaltools.gnu-tools-for-stm32.12.3.rel1.win32_1.0.100.202403111256/tools/bin/../lib/gcc/arm-none-eabi/12.3.1/thumb/v7e-m/nofp/crtbegin.o
 .text          0x080001d4       0x10 C:/ST/STM32CubeIDE_1.15.1/STM32CubeIDE/plugins/com.st.stm32cube.ide.mcu.externaltools.gnu-tools-for-stm32.12.3.rel1.win32_1.0.100.202403111256/tools/bin/../lib/gcc/arm-none-eabi/12.3.1/../../../../arm-none-eabi/lib/thumb/v7e-m/nofp\libc_nano.a(libc_a-strlen.o)
                0x080001d4                strlen
 *(.text*)
 .text.u8GetGpioPortCode
                0x080001e4       0x84 ./Drivers/Src/stm32f401xx_gpio_driver.o
 .text.vDoGpioIrqIni
                0x08000268       0x80 ./Drivers/Src/stm32f401xx_gpio_driver.o
 .text.vDoGpioPeriClockControl
                0x080002e8      0x140 ./Drivers/Src/stm32f401xx_gpio_driver.o
                0x080002e8                vDoGpioPeriClockControl
 .text.vDoGpioIni
                0x08000428      0x250 ./Drivers/Src/stm32f401xx_gpio_driver.o
                0x08000428                vDoGpioIni
 .text.bDoGetSpiFlag
                0x08000678       0x2c ./Drivers/Src/stm32f401xx_spi_driver.o
                0x08000678                bDoGetSpiFlag
 .text.vDoSpiPeriClockControl
                0x080006a4       0xe0 ./Drivers/Src/stm32f401xx_spi_driver.o
                0x080006a4                vDoSpiPeriClockControl
 .text.vDoSpiIni
                0x08000784      0x184 ./Drivers/Src/stm32f401xx_spi_driver.o
                0x08000784                vDoSpiIni
 .text.vDoSpiSendData
                0x08000908       0x84 ./Drivers/Src/stm32f401xx_spi_driver.o
                0x08000908                vDoSpiSendData
 .text.vDoSpiPeriControl
                0x0800098c       0x36 ./Drivers/Src/stm32f401xx_spi_driver.o
                0x0800098c                vDoSpiPeriControl
 .text.vDoSpiSsiControl
                0x080009c2       0x36 ./Drivers/Src/stm32f401xx_spi_driver.o
                0x080009c2                vDoSpiSsiControl
 .text.delay    0x080009f8       0x2c ./Src/main.o
                0x080009f8                delay
 .text.vDoSpiGpioConf
                0x08000a24       0xf8 ./Src/main.o
 .text.vDoSpiHandleConf
                0x08000b1c       0x48 ./Src/main.o
 .text.main     0x08000b64       0x54 ./Src/main.o
                0x08000b64                main
 .text.Reset_Handler
                0x08000bb8       0x50 ./Startup/startup_stm32f401ccux.o
                0x08000bb8                Reset_Handler
 .text.Default_Handler
                0x08000c08        0x2 ./Startup/startup_stm32f401ccux.o
                0x08000c08                EXTI2_IRQHandler
                0x08000c08                DebugMon_Handler
                0x08000c08                SPI4_IRQHandler
                0x08000c08                TIM1_CC_IRQHandler
                0x08000c08                DMA2_Stream5_IRQHandler
                0x08000c08                HardFault_Handler
                0x08000c08                DMA1_Stream5_IRQHandler
                0x08000c08                SysTick_Handler
                0x08000c08                SDIO_IRQHandler
                0x08000c08                TAMP_STAMP_IRQHandler
                0x08000c08                PendSV_Handler
                0x08000c08                NMI_Handler
                0x08000c08                EXTI3_IRQHandler
                0x08000c08                TIM1_UP_TIM10_IRQHandler
                0x08000c08                I2C3_ER_IRQHandler
                0x08000c08                EXTI18_OTG_FS_WKUP_IRQHandler
                0x08000c08                EXTI0_IRQHandler
                0x08000c08                I2C2_EV_IRQHandler
                0x08000c08                DMA1_Stream2_IRQHandler
                0x08000c08                UsageFault_Handler
                0x08000c08                DMA2_Stream2_IRQHandler
                0x08000c08                SPI1_IRQHandler
                0x08000c08                TIM1_BRK_TIM9_IRQHandler
                0x08000c08                DMA2_Stream3_IRQHandler
                0x08000c08                USART6_IRQHandler
                0x08000c08                DMA2_Stream0_IRQHandler
                0x08000c08                TIM4_IRQHandler
                0x08000c08                I2C1_EV_IRQHandler
                0x08000c08                DMA1_Stream6_IRQHandler
                0x08000c08                DMA1_Stream1_IRQHandler
                0x08000c08                TIM3_IRQHandler
                0x08000c08                RCC_IRQHandler
                0x08000c08                Default_Handler
                0x08000c08                EXTI15_10_IRQHandler
                0x08000c08                ADC_IRQHandler
                0x08000c08                DMA1_Stream7_IRQHandler
                0x08000c08                TIM5_IRQHandler
                0x08000c08                DMA2_Stream7_IRQHandler
                0x08000c08                I2C3_EV_IRQHandler
                0x08000c08                EXTI9_5_IRQHandler
                0x08000c08                SPI2_IRQHandler
                0x08000c08                MemManage_Handler
                0x08000c08                DMA1_Stream0_IRQHandler
                0x08000c08                SVC_Handler
                0x08000c08                EXTI4_IRQHandler
                0x08000c08                EXTI22_RTC_WKUP_IRQHandler
                0x08000c08                TIM2_IRQHandler
                0x08000c08                EXTI16_PVD_IRQHandler
                0x08000c08                TIM1_TRG_COM_TIM11_IRQHandler
                0x08000c08                EXTI1_IRQHandler
                0x08000c08                EXTI17_RTC_Alarm_IRQHandler
                0x08000c08                USART2_IRQHandler
                0x08000c08                I2C2_ER_IRQHandler
                0x08000c08                DMA2_Stream1_IRQHandler
                0x08000c08                FLASH_IRQHandler
                0x08000c08                DMA2_Stream4_IRQHandler
                0x08000c08                BusFault_Handler
                0x08000c08                USART1_IRQHandler
                0x08000c08                OTG_FS_IRQHandler
                0x08000c08                SPI3_IRQHandler
                0x08000c08                DMA1_Stream4_IRQHandler
                0x08000c08                I2C1_ER_IRQHandler
                0x08000c08                DMA2_Stream6_IRQHandler
                0x08000c08                DMA1_Stream3_IRQHandler
 *fill*         0x08000c0a        0x2 
 .text.__libc_init_array
                0x08000c0c       0x48 C:/ST/STM32CubeIDE_1.15.1/STM32CubeIDE/plugins/com.st.stm32cube.ide.mcu.externaltools.gnu-tools-for-stm32.12.3.rel1.win32_1.0.100.202403111256/tools/bin/../lib/gcc/arm-none-eabi/12.3.1/../../../../arm-none-eabi/lib/thumb/v7e-m/nofp\libc_nano.a(libc_a-init.o)
                0x08000c0c                __libc_init_array
 *(.glue_7)
 .glue_7        0x08000c54        0x0 linker stubs
 *(.glue_7t)
 .glue_7t       0x08000c54        0x0 linker stubs
 *(.eh_frame)
 .eh_frame      0x08000c54        0x0 C:/ST/STM32CubeIDE_1.15.1/STM32CubeIDE/plugins/com.st.stm32cube.ide.mcu.externaltools.gnu-tools-for-stm32.12.3.rel1.win32_1.0.100.202403111256/tools/bin/../lib/gcc/arm-none-eabi/12.3.1/thumb/v7e-m/nofp/crtbegin.o
 *(.init)
 .init          0x08000c54        0x4 C:/ST/STM32CubeIDE_1.15.1/STM32CubeIDE/plugins/com.st.stm32cube.ide.mcu.externaltools.gnu-tools-for-stm32.12.3.rel1.win32_1.0.100.202403111256/tools/bin/../lib/gcc/arm-none-eabi/12.3.1/thumb/v7e-m/nofp/crti.o
                0x08000c54                _init
 .init          0x08000c58        0x8 C:/ST/STM32CubeIDE_1.15.1/STM32CubeIDE/plugins/com.st.stm32cube.ide.mcu.externaltools.gnu-tools-for-stm32.12.3.rel1.win32_1.0.100.202403111256/tools/bin/../lib/gcc/arm-none-eabi/12.3.1/thumb/v7e-m/nofp/crtn.o
 *(.fini)
 .fini          0x08000c60        0x4 C:/ST/STM32CubeIDE_1.15.1/STM32CubeIDE/plugins/com.st.stm32cube.ide.mcu.externaltools.gnu-tools-for-stm32.12.3.rel1.win32_1.0.100.202403111256/tools/bin/../lib/gcc/arm-none-eabi/12.3.1/thumb/v7e-m/nofp/crti.o
                0x08000c60                _fini
 .fini          0x08000c64        0x8 C:/ST/STM32CubeIDE_1.15.1/STM32CubeIDE/plugins/com.st.stm32cube.ide.mcu.externaltools.gnu-tools-for-stm32.12.3.rel1.win32_1.0.100.202403111256/tools/bin/../lib/gcc/arm-none-eabi/12.3.1/thumb/v7e-m/nofp/crtn.o
                0x08000c6c                        . = ALIGN (0x4)
                0x08000c6c                        _etext = .

.vfp11_veneer   0x08000c6c        0x0
 .vfp11_veneer  0x08000c6c        0x0 linker stubs

.v4_bx          0x08000c6c        0x0
 .v4_bx         0x08000c6c        0x0 linker stubs

.iplt           0x08000c6c        0x0
 .iplt          0x08000c6c        0x0 C:/ST/STM32CubeIDE_1.15.1/STM32CubeIDE/plugins/com.st.stm32cube.ide.mcu.externaltools.gnu-tools-for-stm32.12.3.rel1.win32_1.0.100.202403111256/tools/bin/../lib/gcc/arm-none-eabi/12.3.1/thumb/v7e-m/nofp/crtbegin.o

.rodata         0x08000c6c       0x10
                0x08000c6c                        . = ALIGN (0x4)
 *(.rodata)
 .rodata        0x08000c6c        0xf ./Src/main.o
 *(.rodata*)
                0x08000c7c                        . = ALIGN (0x4)
 *fill*         0x08000c7b        0x1 

.ARM.extab      0x08000c7c        0x0
                0x08000c7c                        . = ALIGN (0x4)
 *(.ARM.extab* .gnu.linkonce.armextab.*)
                0x08000c7c                        . = ALIGN (0x4)

.ARM            0x08000c7c        0x8
                0x08000c7c                        . = ALIGN (0x4)
                0x08000c7c                        __exidx_start = .
 *(.ARM.exidx*)
 .ARM.exidx     0x08000c7c        0x8 C:/ST/STM32CubeIDE_1.15.1/STM32CubeIDE/plugins/com.st.stm32cube.ide.mcu.externaltools.gnu-tools-for-stm32.12.3.rel1.win32_1.0.100.202403111256/tools/bin/../lib/gcc/arm-none-eabi/12.3.1/../../../../arm-none-eabi/lib/thumb/v7e-m/nofp\libc_nano.a(libc_a-strlen.o)
                0x08000c84                        __exidx_end = .
                0x08000c84                        . = ALIGN (0x4)

.preinit_array  0x08000c84        0x0
                0x08000c84                        . = ALIGN (0x4)
                0x08000c84                        PROVIDE (__preinit_array_start = .)
 *(.preinit_array*)
                0x08000c84                        PROVIDE (__preinit_array_end = .)
                0x08000c84                        . = ALIGN (0x4)

.init_array     0x08000c84        0x4
                0x08000c84                        . = ALIGN (0x4)
                0x08000c84                        PROVIDE (__init_array_start = .)
 *(SORT_BY_NAME(.init_array.*))
 *(.init_array*)
 .init_array    0x08000c84        0x4 C:/ST/STM32CubeIDE_1.15.1/STM32CubeIDE/plugins/com.st.stm32cube.ide.mcu.externaltools.gnu-tools-for-stm32.12.3.rel1.win32_1.0.100.202403111256/tools/bin/../lib/gcc/arm-none-eabi/12.3.1/thumb/v7e-m/nofp/crtbegin.o
                0x08000c88                        PROVIDE (__init_array_end = .)
                0x08000c88                        . = ALIGN (0x4)

.fini_array     0x08000c88        0x4
                0x08000c88                        . = ALIGN (0x4)
                [!provide]                        PROVIDE (__fini_array_start = .)
 *(SORT_BY_NAME(.fini_array.*))
 *(.fini_array*)
 .fini_array    0x08000c88        0x4 C:/ST/STM32CubeIDE_1.15.1/STM32CubeIDE/plugins/com.st.stm32cube.ide.mcu.externaltools.gnu-tools-for-stm32.12.3.rel1.win32_1.0.100.202403111256/tools/bin/../lib/gcc/arm-none-eabi/12.3.1/thumb/v7e-m/nofp/crtbegin.o
                [!provide]                        PROVIDE (__fini_array_end = .)
                0x08000c8c                        . = ALIGN (0x4)
                0x08000c8c                        _sidata = LOADADDR (.data)

.rel.dyn        0x08000c8c        0x0
 .rel.iplt      0x08000c8c        0x0 C:/ST/STM32CubeIDE_1.15.1/STM32CubeIDE/plugins/com.st.stm32cube.ide.mcu.externaltools.gnu-tools-for-stm32.12.3.rel1.win32_1.0.100.202403111256/tools/bin/../lib/gcc/arm-none-eabi/12.3.1/thumb/v7e-m/nofp/crtbegin.o

.data           0x20000000        0x0 load address 0x08000c8c
                0x20000000                        . = ALIGN (0x4)
                0x20000000                        _sdata = .
 *(.data)
 *(.data*)
 *(.RamFunc)
 *(.RamFunc*)
                0x20000000                        . = ALIGN (0x4)
                0x20000000                        _edata = .

.igot.plt       0x20000000        0x0 load address 0x08000c8c
 .igot.plt      0x20000000        0x0 C:/ST/STM32CubeIDE_1.15.1/STM32CubeIDE/plugins/com.st.stm32cube.ide.mcu.externaltools.gnu-tools-for-stm32.12.3.rel1.win32_1.0.100.202403111256/tools/bin/../lib/gcc/arm-none-eabi/12.3.1/thumb/v7e-m/nofp/crtbegin.o
                0x20000000                        . = ALIGN (0x4)

.bss            0x20000000       0x20 load address 0x08000c8c
                0x20000000                        _sbss = .
                0x20000000                        __bss_start__ = _sbss
 *(.bss)
 .bss           0x20000000       0x1c C:/ST/STM32CubeIDE_1.15.1/STM32CubeIDE/plugins/com.st.stm32cube.ide.mcu.externaltools.gnu-tools-for-stm32.12.3.rel1.win32_1.0.100.202403111256/tools/bin/../lib/gcc/arm-none-eabi/12.3.1/thumb/v7e-m/nofp/crtbegin.o
 *(.bss*)
 .bss.u32SpiLen.1
                0x2000001c        0x4 ./Drivers/Src/stm32f401xx_spi_driver.o
 *(COMMON)
                0x20000020                        . = ALIGN (0x4)
                0x20000020                        _ebss = .
                0x20000020                        __bss_end__ = _ebss

._user_heap_stack
                0x20000020      0x600 load address 0x08000c8c
                0x20000020                        . = ALIGN (0x8)
                [!provide]                        PROVIDE (end = .)
                0x20000020                        PROVIDE (_end = .)
                0x20000220                        . = (. + _Min_Heap_Size)
 *fill*         0x20000020      0x200 
                0x20000620                        . = (. + _Min_Stack_Size)
 *fill*         0x20000220      0x400 
                0x20000620                        . = ALIGN (0x8)

/DISCARD/
 libc.a(*)
 libm.a(*)
 libgcc.a(*)

.ARM.attributes
                0x00000000       0x2a
 *(.ARM.attributes)
 .ARM.attributes
                0x00000000       0x1e C:/ST/STM32CubeIDE_1.15.1/STM32CubeIDE/plugins/com.st.stm32cube.ide.mcu.externaltools.gnu-tools-for-stm32.12.3.rel1.win32_1.0.100.202403111256/tools/bin/../lib/gcc/arm-none-eabi/12.3.1/thumb/v7e-m/nofp/crti.o
 .ARM.attributes
                0x0000001e       0x2e C:/ST/STM32CubeIDE_1.15.1/STM32CubeIDE/plugins/com.st.stm32cube.ide.mcu.externaltools.gnu-tools-for-stm32.12.3.rel1.win32_1.0.100.202403111256/tools/bin/../lib/gcc/arm-none-eabi/12.3.1/thumb/v7e-m/nofp/crtbegin.o
 .ARM.attributes
                0x0000004c       0x2e ./Drivers/Src/stm32f401xx_gpio_driver.o
 .ARM.attributes
                0x0000007a       0x2e ./Drivers/Src/stm32f401xx_spi_driver.o
 .ARM.attributes
                0x000000a8       0x2e ./Src/main.o
 .ARM.attributes
                0x000000d6       0x21 ./Startup/startup_stm32f401ccux.o
 .ARM.attributes
                0x000000f7       0x2e C:/ST/STM32CubeIDE_1.15.1/STM32CubeIDE/plugins/com.st.stm32cube.ide.mcu.externaltools.gnu-tools-for-stm32.12.3.rel1.win32_1.0.100.202403111256/tools/bin/../lib/gcc/arm-none-eabi/12.3.1/../../../../arm-none-eabi/lib/thumb/v7e-m/nofp\libc_nano.a(libc_a-init.o)
 .ARM.attributes
                0x00000125       0x17 C:/ST/STM32CubeIDE_1.15.1/STM32CubeIDE/plugins/com.st.stm32cube.ide.mcu.externaltools.gnu-tools-for-stm32.12.3.rel1.win32_1.0.100.202403111256/tools/bin/../lib/gcc/arm-none-eabi/12.3.1/../../../../arm-none-eabi/lib/thumb/v7e-m/nofp\libc_nano.a(libc_a-strlen.o)
 .ARM.attributes
                0x0000013c       0x1e C:/ST/STM32CubeIDE_1.15.1/STM32CubeIDE/plugins/com.st.stm32cube.ide.mcu.externaltools.gnu-tools-for-stm32.12.3.rel1.win32_1.0.100.202403111256/tools/bin/../lib/gcc/arm-none-eabi/12.3.1/thumb/v7e-m/nofp/crtn.o
OUTPUT(Arm Cortex-M4 Development.elf elf32-littlearm)
LOAD linker stubs
LOAD C:/ST/STM32CubeIDE_1.15.1/STM32CubeIDE/plugins/com.st.stm32cube.ide.mcu.externaltools.gnu-tools-for-stm32.12.3.rel1.win32_1.0.100.202403111256/tools/bin/../lib/gcc/arm-none-eabi/12.3.1/../../../../arm-none-eabi/lib/thumb/v7e-m/nofp\libc.a
LOAD C:/ST/STM32CubeIDE_1.15.1/STM32CubeIDE/plugins/com.st.stm32cube.ide.mcu.externaltools.gnu-tools-for-stm32.12.3.rel1.win32_1.0.100.202403111256/tools/bin/../lib/gcc/arm-none-eabi/12.3.1/../../../../arm-none-eabi/lib/thumb/v7e-m/nofp\libm.a
LOAD C:/ST/STM32CubeIDE_1.15.1/STM32CubeIDE/plugins/com.st.stm32cube.ide.mcu.externaltools.gnu-tools-for-stm32.12.3.rel1.win32_1.0.100.202403111256/tools/bin/../lib/gcc/arm-none-eabi/12.3.1/thumb/v7e-m/nofp\libgcc.a

.debug_info     0x00000000     0x132c
 .debug_info    0x00000000      0x864 ./Drivers/Src/stm32f401xx_gpio_driver.o
 .debug_info    0x00000864      0x595 ./Drivers/Src/stm32f401xx_spi_driver.o
 .debug_info    0x00000df9      0x503 ./Src/main.o
 .debug_info    0x000012fc       0x30 ./Startup/startup_stm32f401ccux.o

.debug_abbrev   0x00000000      0x43f
 .debug_abbrev  0x00000000      0x1a9 ./Drivers/Src/stm32f401xx_gpio_driver.o
 .debug_abbrev  0x000001a9      0x128 ./Drivers/Src/stm32f401xx_spi_driver.o
 .debug_abbrev  0x000002d1      0x14a ./Src/main.o
 .debug_abbrev  0x0000041b       0x24 ./Startup/startup_stm32f401ccux.o

.debug_aranges  0x00000000      0x130
 .debug_aranges
                0x00000000       0x78 ./Drivers/Src/stm32f401xx_gpio_driver.o
 .debug_aranges
                0x00000078       0x58 ./Drivers/Src/stm32f401xx_spi_driver.o
 .debug_aranges
                0x000000d0       0x38 ./Src/main.o
 .debug_aranges
                0x00000108       0x28 ./Startup/startup_stm32f401ccux.o

.debug_rnglists
                0x00000000       0xdc
 .debug_rnglists
                0x00000000       0x5b ./Drivers/Src/stm32f401xx_gpio_driver.o
 .debug_rnglists
                0x0000005b       0x42 ./Drivers/Src/stm32f401xx_spi_driver.o
 .debug_rnglists
                0x0000009d       0x26 ./Src/main.o
 .debug_rnglists
                0x000000c3       0x19 ./Startup/startup_stm32f401ccux.o

.debug_macro    0x00000000     0x2164
 .debug_macro   0x00000000       0xa3 ./Drivers/Src/stm32f401xx_gpio_driver.o
 .debug_macro   0x000000a3      0xaae ./Drivers/Src/stm32f401xx_gpio_driver.o
 .debug_macro   0x00000b51       0x22 ./Drivers/Src/stm32f401xx_gpio_driver.o
 .debug_macro   0x00000b73       0x8e ./Drivers/Src/stm32f401xx_gpio_driver.o
 .debug_macro   0x00000c01       0x51 ./Drivers/Src/stm32f401xx_gpio_driver.o
 .debug_macro   0x00000c52      0x103 ./Drivers/Src/stm32f401xx_gpio_driver.o
 .debug_macro   0x00000d55       0x6a ./Drivers/Src/stm32f401xx_gpio_driver.o
 .debug_macro   0x00000dbf      0x1df ./Drivers/Src/stm32f401xx_gpio_driver.o
 .debug_macro   0x00000f9e       0x22 ./Drivers/Src/stm32f401xx_gpio_driver.o
 .debug_macro   0x00000fc0      0x313 ./Drivers/Src/stm32f401xx_gpio_driver.o
 .debug_macro   0x000012d3       0xb8 ./Drivers/Src/stm32f401xx_gpio_driver.o
 .debug_macro   0x0000138b       0xc4 ./Drivers/Src/stm32f401xx_gpio_driver.o
 .debug_macro   0x0000144f       0xa3 ./Drivers/Src/stm32f401xx_spi_driver.o
 .debug_macro   0x000014f2      0x166 ./Src/main.o
 .debug_macro   0x00001658       0x5b ./Src/main.o
 .debug_macro   0x000016b3       0x24 ./Src/main.o
 .debug_macro   0x000016d7       0x94 ./Src/main.o
 .debug_macro   0x0000176b       0x43 ./Src/main.o
 .debug_macro   0x000017ae       0x34 ./Src/main.o
 .debug_macro   0x000017e2      0x189 ./Src/main.o
 .debug_macro   0x0000196b       0x16 ./Src/main.o
 .debug_macro   0x00001981       0x43 ./Src/main.o
 .debug_macro   0x000019c4       0x57 ./Src/main.o
 .debug_macro   0x00001a1b       0x34 ./Src/main.o
 .debug_macro   0x00001a4f       0x10 ./Src/main.o
 .debug_macro   0x00001a5f       0x58 ./Src/main.o
 .debug_macro   0x00001ab7       0x8e ./Src/main.o
 .debug_macro   0x00001b45       0x1c ./Src/main.o
 .debug_macro   0x00001b61      0x177 ./Src/main.o
 .debug_macro   0x00001cd8      0x369 ./Src/main.o
 .debug_macro   0x00002041       0x10 ./Src/main.o
 .debug_macro   0x00002051       0x35 ./Src/main.o
 .debug_macro   0x00002086       0x20 ./Src/main.o
 .debug_macro   0x000020a6       0xbe ./Src/main.o

.debug_line     0x00000000     0x17c8
 .debug_line    0x00000000      0x8d0 ./Drivers/Src/stm32f401xx_gpio_driver.o
 .debug_line    0x000008d0      0x79b ./Drivers/Src/stm32f401xx_spi_driver.o
 .debug_line    0x0000106b      0x6e2 ./Src/main.o
 .debug_line    0x0000174d       0x7b ./Startup/startup_stm32f401ccux.o

.debug_str      0x00000000     0x8c78
 .debug_str     0x00000000     0x55a7 ./Drivers/Src/stm32f401xx_gpio_driver.o
                               0x572c (size before relaxing)
 .debug_str     0x000055a7      0x1b5 ./Drivers/Src/stm32f401xx_spi_driver.o
                               0x563e (size before relaxing)
 .debug_str     0x0000575c     0x34dd ./Src/main.o
                               0x8a99 (size before relaxing)
 .debug_str     0x00008c39       0x3f ./Startup/startup_stm32f401ccux.o
                                 0x66 (size before relaxing)

.comment        0x00000000       0x43
 .comment       0x00000000       0x43 ./Drivers/Src/stm32f401xx_gpio_driver.o
                                 0x44 (size before relaxing)
 .comment       0x00000043       0x44 ./Drivers/Src/stm32f401xx_spi_driver.o
 .comment       0x00000043       0x44 ./Src/main.o

.debug_frame    0x00000000      0x400
 .debug_frame   0x00000000      0x1ec ./Drivers/Src/stm32f401xx_gpio_driver.o
 .debug_frame   0x000001ec      0x148 ./Drivers/Src/stm32f401xx_spi_driver.o
 .debug_frame   0x00000334       0xa0 ./Src/main.o
 .debug_frame   0x000003d4       0x2c C:/ST/STM32CubeIDE_1.15.1/STM32CubeIDE/plugins/com.st.stm32cube.ide.mcu.externaltools.gnu-tools-for-stm32.12.3.rel1.win32_1.0.100.202403111256/tools/bin/../lib/gcc/arm-none-eabi/12.3.1/../../../../arm-none-eabi/lib/thumb/v7e-m/nofp\libc_nano.a(libc_a-init.o)

.debug_line_str
                0x00000000       0x4a
 .debug_line_str
                0x00000000       0x4a ./Startup/startup_stm32f401ccux.o
