../Drivers/Src/stm32f401xx_i2c_driver.c:26:24:u32CalculatePclk1Value	24	static
../Drivers/Src/stm32f401xx_i2c_driver.c:130:24:u32CalculatePllOutputValue	4	static
../Drivers/Src/stm32f401xx_i2c_driver.c:144:20:vDoI2CGenerateStartCondition	16	static
../Drivers/Src/stm32f401xx_i2c_driver.c:158:20:vDoI2CGenerateStopCondition	16	static
../Drivers/Src/stm32f401xx_i2c_driver.c:175:20:vDoI2CExecuteAddressPhase	24	static
../Drivers/Src/stm32f401xx_i2c_driver.c:197:20:vDoI2CClearAddrFlag	24	static
../Drivers/Src/stm32f401xx_i2c_driver.c:223:6:vDoI2CPeriClockControl	16	static
../Drivers/Src/stm32f401xx_i2c_driver.c:267:6:vDoI2CIni	24	static
../Drivers/Src/stm32f401xx_i2c_driver.c:360:6:vDoI2CDeIni	16	static
../Drivers/Src/stm32f401xx_i2c_driver.c:389:6:vDoI2CMasterSendData	24	static
../Drivers/Src/stm32f401xx_i2c_driver.c:431:6:vDoI2CMasterReceiveData	24	static
../Drivers/Src/stm32f401xx_i2c_driver.c:503:6:vDoI2CPeriControl	16	static
../Drivers/Src/stm32f401xx_i2c_driver.c:524:6:bDoGetI2CFlag	16	static
../Drivers/Src/stm32f401xx_i2c_driver.c:538:6:vDoI2CManageAcking	16	static
